C:\Users\Kunch\AppData\Local\Programs\Python\Python313\Lib\pickle.py:1760: UserWarning: [04:55:28] WARNING: C:\actions-runner\_work\xgboost\xgboost\src\gbm\../common/error_msg.h:83: If you are loading a serialized model (like pickle in Python, RDS in R) or
configuration generated by an older version of XGBoost, please export the model by calling
`Booster.save_model` from that version first, then load it back in current version. See:

    https://xgboost.readthedocs.io/en/stable/tutorials/saving_model.html

for more details about differences between saving model and serializing.

  setstate(state)
C:\Users\Kunch\iot_el\flaskui\.venv\Lib\site-packages\sklearn\base.py:525: InconsistentVersionWarning: Trying to unpickle estimator LogisticRegression from version 1.6.1 when using version 1.9.0. This might lead to breaking code or invalid results. Use at your own risk. For more info please refer to:
https://scikit-learn.org/stable/model_persistence.html#security-maintainability-limitations
  warnings.warn(
WARNING: This is a development server. Do not use it in a production deployment. Use a production WSGI server instead.
 * Running on all addresses (0.0.0.0)
 * Running on http://127.0.0.1:5050
 * Running on http://172.20.10.5:5050
Press CTRL+C to quit
 * Restarting with stat
C:\Users\Kunch\AppData\Local\Programs\Python\Python313\Lib\pickle.py:1760: UserWarning: [04:55:34] WARNING: C:\actions-runner\_work\xgboost\xgboost\src\gbm\../common/error_msg.h:83: If you are loading a serialized model (like pickle in Python, RDS in R) or
configuration generated by an older version of XGBoost, please export the model by calling
`Booster.save_model` from that version first, then load it back in current version. See:

    https://xgboost.readthedocs.io/en/stable/tutorials/saving_model.html

for more details about differences between saving model and serializing.

  setstate(state)
C:\Users\Kunch\iot_el\flaskui\.venv\Lib\site-packages\sklearn\base.py:525: InconsistentVersionWarning: Trying to unpickle estimator LogisticRegression from version 1.6.1 when using version 1.9.0. This might lead to breaking code or invalid results. Use at your own risk. For more info please refer to:
https://scikit-learn.org/stable/model_persistence.html#security-maintainability-limitations
  warnings.warn(
 * Debugger is active!
 * Debugger PIN: 478-093-179
